------------------------------------------------------------
Timing Analyzer Summary
------------------------------------------------------------

Type  : Slow 1100mV 85C Model Setup 'Clock_25MHz:ClockDivider|p_Q'
Slack : -3.236
TNS   : -149.059

Type  : Slow 1100mV 85C Model Setup 'clk_50MHz'
Slack : -2.896
TNS   : -2.896

Type  : Slow 1100mV 85C Model Hold 'Clock_25MHz:ClockDivider|p_Q'
Slack : 0.472
TNS   : 0.000

Type  : Slow 1100mV 85C Model Hold 'clk_50MHz'
Slack : 0.955
TNS   : 0.000

Type  : Slow 1100mV 85C Model Minimum Pulse Width 'Clock_25MHz:ClockDivider|p_Q'
Slack : -0.538
TNS   : -45.394

Type  : Slow 1100mV 85C Model Minimum Pulse Width 'clk_50MHz'
Slack : -0.538
TNS   : -1.058

Type  : Slow 1100mV 0C Model Setup 'Clock_25MHz:ClockDivider|p_Q'
Slack : -3.443
TNS   : -144.041

Type  : Slow 1100mV 0C Model Setup 'clk_50MHz'
Slack : -2.813
TNS   : -2.813

Type  : Slow 1100mV 0C Model Hold 'Clock_25MHz:ClockDivider|p_Q'
Slack : 0.506
TNS   : 0.000

Type  : Slow 1100mV 0C Model Hold 'clk_50MHz'
Slack : 0.967
TNS   : 0.000

Type  : Slow 1100mV 0C Model Minimum Pulse Width 'clk_50MHz'
Slack : -0.569
TNS   : -1.107

Type  : Slow 1100mV 0C Model Minimum Pulse Width 'Clock_25MHz:ClockDivider|p_Q'
Slack : -0.538
TNS   : -45.044

Type  : Fast 1100mV 85C Model Setup 'clk_50MHz'
Slack : -2.005
TNS   : -2.005

Type  : Fast 1100mV 85C Model Setup 'Clock_25MHz:ClockDivider|p_Q'
Slack : -1.331
TNS   : -53.543

Type  : Fast 1100mV 85C Model Hold 'Clock_25MHz:ClockDivider|p_Q'
Slack : 0.179
TNS   : 0.000

Type  : Fast 1100mV 85C Model Hold 'clk_50MHz'
Slack : 0.919
TNS   : 0.000

Type  : Fast 1100mV 85C Model Minimum Pulse Width 'clk_50MHz'
Slack : -0.476
TNS   : -0.604

Type  : Fast 1100mV 85C Model Minimum Pulse Width 'Clock_25MHz:ClockDivider|p_Q'
Slack : 0.115
TNS   : 0.000

Type  : Fast 1100mV 0C Model Setup 'clk_50MHz'
Slack : -1.719
TNS   : -1.719

Type  : Fast 1100mV 0C Model Setup 'Clock_25MHz:ClockDivider|p_Q'
Slack : -1.165
TNS   : -46.145

Type  : Fast 1100mV 0C Model Hold 'Clock_25MHz:ClockDivider|p_Q'
Slack : 0.167
TNS   : 0.000

Type  : Fast 1100mV 0C Model Hold 'clk_50MHz'
Slack : 0.751
TNS   : 0.000

Type  : Fast 1100mV 0C Model Minimum Pulse Width 'clk_50MHz'
Slack : -0.472
TNS   : -0.602

Type  : Fast 1100mV 0C Model Minimum Pulse Width 'Clock_25MHz:ClockDivider|p_Q'
Slack : 0.129
TNS   : 0.000

------------------------------------------------------------
